[error] Failed to fetch Firebase Project from Studio Workspace because WORKSPACE_SLUG environment variable is empty
[error] Failed to fetch Firebase Project from Studio Workspace because WORKSPACE_SLUG environment variable is empty
[debug] [2026-02-22T12:51:25.271Z] > command requires scopes: ["email","openid","https://www.googleapis.com/auth/cloudplatformprojects.readonly","https://www.googleapis.com/auth/firebase","https://www.googleapis.com/auth/cloud-platform","https://www.googleapis.com/auth/userinfo.email"]
[error] Failed to fetch Firebase Project from Studio Workspace because WORKSPACE_SLUG environment variable is empty
[error] Failed to fetch Firebase Project from Studio Workspace because WORKSPACE_SLUG environment variable is empty
[debug] [2026-02-22T12:52:25.284Z] > command requires scopes: ["email","openid","https://www.googleapis.com/auth/cloudplatformprojects.readonly","https://www.googleapis.com/auth/firebase","https://www.googleapis.com/auth/cloud-platform","https://www.googleapis.com/auth/userinfo.email"]
[error] Failed to fetch Firebase Project from Studio Workspace because WORKSPACE_SLUG environment variable is empty
[error] Failed to fetch Firebase Project from Studio Workspace because WORKSPACE_SLUG environment variable is empty
[debug] [2026-02-22T12:52:25.292Z] > command requires scopes: ["email","openid","https://www.googleapis.com/auth/cloudplatformprojects.readonly","https://www.googleapis.com/auth/firebase","https://www.googleapis.com/auth/cloud-platform","https://www.googleapis.com/auth/userinfo.email"]
[error] Failed to fetch Firebase Project from Studio Workspace because WORKSPACE_SLUG environment variable is empty
[error] Failed to fetch Firebase Project from Studio Workspace because WORKSPACE_SLUG environment variable is empty
[error] Failed to fetch Firebase Project from Studio Workspace because WORKSPACE_SLUG environment variable is empty
[debug] [2026-02-22T12:52:36.197Z] > command requires scopes: ["email","openid","https://www.googleapis.com/auth/cloudplatformprojects.readonly","https://www.googleapis.com/auth/firebase","https://www.googleapis.com/auth/cloud-platform","https://www.googleapis.com/auth/userinfo.email"]
[error] Failed to fetch Firebase Project from Studio Workspace because WORKSPACE_SLUG environment variable is empty
[error] Failed to fetch Firebase Project from Studio Workspace because WORKSPACE_SLUG environment variable is empty
[error] Failed to fetch Firebase Project from Studio Workspace because WORKSPACE_SLUG environment variable is empty
[debug] [2026-02-22T12:52:36.207Z] > command requires scopes: ["email","openid","https://www.googleapis.com/auth/cloudplatformprojects.readonly","https://www.googleapis.com/auth/firebase","https://www.googleapis.com/auth/cloud-platform","https://www.googleapis.com/auth/userinfo.email"]
[error] Failed to fetch Firebase Project from Studio Workspace because WORKSPACE_SLUG environment variable is empty
[error] Failed to fetch Firebase Project from Studio Workspace because WORKSPACE_SLUG environment variable is empty
[error] Failed to fetch Firebase Project from Studio Workspace because WORKSPACE_SLUG environment variable is empty
[debug] [2026-02-22T12:52:36.212Z] > command requires scopes: ["email","openid","https://www.googleapis.com/auth/cloudplatformprojects.readonly","https://www.googleapis.com/auth/firebase","https://www.googleapis.com/auth/cloud-platform","https://www.googleapis.com/auth/userinfo.email"]
[error] Failed to fetch Firebase Project from Studio Workspace because WORKSPACE_SLUG environment variable is empty
[error] Failed to fetch Firebase Project from Studio Workspace because WORKSPACE_SLUG environment variable is empty
[error] Failed to fetch Firebase Project from Studio Workspace because WORKSPACE_SLUG environment variable is empty
[debug] [2026-02-22T12:52:38.347Z] > command requires scopes: ["email","openid","https://www.googleapis.com/auth/cloudplatformprojects.readonly","https://www.googleapis.com/auth/firebase","https://www.googleapis.com/auth/cloud-platform","https://www.googleapis.com/auth/userinfo.email"]
[debug] [2026-02-22T12:52:38.347Z] > command requires scopes: ["email","openid","https://www.googleapis.com/auth/cloudplatformprojects.readonly","https://www.googleapis.com/auth/firebase","https://www.googleapis.com/auth/cloud-platform","https://www.googleapis.com/auth/userinfo.email"]
[debug] [2026-02-22T12:52:38.348Z] > command requires scopes: ["email","openid","https://www.googleapis.com/auth/cloudplatformprojects.readonly","https://www.googleapis.com/auth/firebase","https://www.googleapis.com/auth/cloud-platform","https://www.googleapis.com/auth/userinfo.email"]
[error] Failed to fetch Firebase Project from Studio Workspace because WORKSPACE_SLUG environment variable is empty
[error] Failed to fetch Firebase Project from Studio Workspace because WORKSPACE_SLUG environment variable is empty
[error] Failed to fetch Firebase Project from Studio Workspace because WORKSPACE_SLUG environment variable is empty
[debug] [2026-02-22T13:54:50.848Z] > command requires scopes: ["email","openid","https://www.googleapis.com/auth/cloudplatformprojects.readonly","https://www.googleapis.com/auth/firebase","https://www.googleapis.com/auth/cloud-platform","https://www.googleapis.com/auth/userinfo.email"]
[error] Failed to fetch Firebase Project from Studio Workspace because WORKSPACE_SLUG environment variable is empty
[error] Failed to fetch Firebase Project from Studio Workspace because WORKSPACE_SLUG environment variable is empty
[error] Failed to fetch Firebase Project from Studio Workspace because WORKSPACE_SLUG environment variable is empty
[debug] [2026-02-22T13:54:50.861Z] > command requires scopes: ["email","openid","https://www.googleapis.com/auth/cloudplatformprojects.readonly","https://www.googleapis.com/auth/firebase","https://www.googleapis.com/auth/cloud-platform","https://www.googleapis.com/auth/userinfo.email"]
[debug] [2026-02-22T13:55:01.425Z] Running auto auth
[debug] [2026-02-22T13:55:01.426Z] Running auto auth
[error] Failed to fetch Firebase Project from Studio Workspace because WORKSPACE_SLUG environment variable is empty
[debug] [2026-02-22T13:55:01.467Z] > command requires scopes: ["email","openid","https://www.googleapis.com/auth/cloudplatformprojects.readonly","https://www.googleapis.com/auth/firebase","https://www.googleapis.com/auth/cloud-platform","https://www.googleapis.com/auth/userinfo.email"]
[debug] [2026-02-22T13:55:01.467Z] > authorizing via signed-in user (dclife16q@gmail.com)
[error] Failed to fetch Firebase Project from Studio Workspace because WORKSPACE_SLUG environment variable is empty
[debug] [2026-02-22T13:55:01.490Z] > command requires scopes: ["email","openid","https://www.googleapis.com/auth/cloudplatformprojects.readonly","https://www.googleapis.com/auth/firebase","https://www.googleapis.com/auth/cloud-platform","https://www.googleapis.com/auth/userinfo.email"]
[debug] [2026-02-22T13:55:01.490Z] > authorizing via signed-in user (dclife16q@gmail.com)
[error] Failed to fetch Firebase Project from Studio Workspace because WORKSPACE_SLUG environment variable is empty
[error] Failed to fetch Firebase Project from Studio Workspace because WORKSPACE_SLUG environment variable is empty
[error] Failed to fetch Firebase Project from Studio Workspace because WORKSPACE_SLUG environment variable is empty
[error] Failed to fetch Firebase Project from Studio Workspace because WORKSPACE_SLUG environment variable is empty
[error] Failed to fetch Firebase Project from Studio Workspace because WORKSPACE_SLUG environment variable is empty
[error] Failed to fetch Firebase Project from Studio Workspace because WORKSPACE_SLUG environment variable is empty
[debug] [2026-02-22T13:55:01.508Z] > command requires scopes: ["email","openid","https://www.googleapis.com/auth/cloudplatformprojects.readonly","https://www.googleapis.com/auth/firebase","https://www.googleapis.com/auth/cloud-platform","https://www.googleapis.com/auth/userinfo.email"]
[debug] [2026-02-22T13:55:01.508Z] > authorizing via signed-in user (dclife16q@gmail.com)
[debug] [2026-02-22T13:55:01.508Z] > command requires scopes: ["email","openid","https://www.googleapis.com/auth/cloudplatformprojects.readonly","https://www.googleapis.com/auth/firebase","https://www.googleapis.com/auth/cloud-platform","https://www.googleapis.com/auth/userinfo.email"]
[debug] [2026-02-22T13:55:01.509Z] > authorizing via signed-in user (dclife16q@gmail.com)
[error] Failed to fetch Firebase Project from Studio Workspace because WORKSPACE_SLUG environment variable is empty
[error] Failed to fetch Firebase Project from Studio Workspace because WORKSPACE_SLUG environment variable is empty
[debug] [2026-02-22T13:55:01.513Z] > command requires scopes: ["email","openid","https://www.googleapis.com/auth/cloudplatformprojects.readonly","https://www.googleapis.com/auth/firebase","https://www.googleapis.com/auth/cloud-platform","https://www.googleapis.com/auth/userinfo.email"]
[debug] [2026-02-22T13:55:01.513Z] > authorizing via signed-in user (dclife16q@gmail.com)
[debug] [2026-02-22T13:55:01.513Z] > command requires scopes: ["email","openid","https://www.googleapis.com/auth/cloudplatformprojects.readonly","https://www.googleapis.com/auth/firebase","https://www.googleapis.com/auth/cloud-platform","https://www.googleapis.com/auth/userinfo.email"]
[debug] [2026-02-22T13:55:01.513Z] > authorizing via signed-in user (dclife16q@gmail.com)
[error] Failed to fetch Firebase Project from Studio Workspace because WORKSPACE_SLUG environment variable is empty
[error] Failed to fetch Firebase Project from Studio Workspace because WORKSPACE_SLUG environment variable is empty
[error] Failed to fetch Firebase Project from Studio Workspace because WORKSPACE_SLUG environment variable is empty
[error] Failed to fetch Firebase Project from Studio Workspace because WORKSPACE_SLUG environment variable is empty
[error] Failed to fetch Firebase Project from Studio Workspace because WORKSPACE_SLUG environment variable is empty
[error] Failed to fetch Firebase Project from Studio Workspace because WORKSPACE_SLUG environment variable is empty
[debug] [2026-02-22T13:55:01.524Z] > command requires scopes: ["email","openid","https://www.googleapis.com/auth/cloudplatformprojects.readonly","https://www.googleapis.com/auth/firebase","https://www.googleapis.com/auth/cloud-platform","https://www.googleapis.com/auth/userinfo.email"]
[debug] [2026-02-22T13:55:01.524Z] > authorizing via signed-in user (dclife16q@gmail.com)
[debug] [2026-02-22T13:55:01.524Z] > command requires scopes: ["email","openid","https://www.googleapis.com/auth/cloudplatformprojects.readonly","https://www.googleapis.com/auth/firebase","https://www.googleapis.com/auth/cloud-platform","https://www.googleapis.com/auth/userinfo.email"]
[debug] [2026-02-22T13:55:01.525Z] > authorizing via signed-in user (dclife16q@gmail.com)
[error] Failed to fetch Firebase Project from Studio Workspace because WORKSPACE_SLUG environment variable is empty
[error] Failed to fetch Firebase Project from Studio Workspace because WORKSPACE_SLUG environment variable is empty
[debug] [2026-02-22T13:55:01.528Z] > command requires scopes: ["email","openid","https://www.googleapis.com/auth/cloudplatformprojects.readonly","https://www.googleapis.com/auth/firebase","https://www.googleapis.com/auth/cloud-platform","https://www.googleapis.com/auth/userinfo.email"]
[debug] [2026-02-22T13:55:01.529Z] > authorizing via signed-in user (dclife16q@gmail.com)
[debug] [2026-02-22T13:55:01.529Z] > command requires scopes: ["email","openid","https://www.googleapis.com/auth/cloudplatformprojects.readonly","https://www.googleapis.com/auth/firebase","https://www.googleapis.com/auth/cloud-platform","https://www.googleapis.com/auth/userinfo.email"]
[debug] [2026-02-22T13:55:01.529Z] > authorizing via signed-in user (dclife16q@gmail.com)
[error] Failed to fetch Firebase Project from Studio Workspace because WORKSPACE_SLUG environment variable is empty
[error] Failed to fetch Firebase Project from Studio Workspace because WORKSPACE_SLUG environment variable is empty
[error] Failed to fetch Firebase Project from Studio Workspace because WORKSPACE_SLUG environment variable is empty
[debug] [2026-02-22T13:55:07.898Z] > command requires scopes: ["email","openid","https://www.googleapis.com/auth/cloudplatformprojects.readonly","https://www.googleapis.com/auth/firebase","https://www.googleapis.com/auth/cloud-platform","https://www.googleapis.com/auth/userinfo.email"]
[debug] [2026-02-22T13:55:07.899Z] > authorizing via signed-in user (dclife16q@gmail.com)
[error] Failed to fetch Firebase Project from Studio Workspace because WORKSPACE_SLUG environment variable is empty
[debug] [2026-02-22T13:55:07.900Z] > command requires scopes: ["email","openid","https://www.googleapis.com/auth/cloudplatformprojects.readonly","https://www.googleapis.com/auth/firebase","https://www.googleapis.com/auth/cloud-platform","https://www.googleapis.com/auth/userinfo.email"]
[debug] [2026-02-22T13:55:07.900Z] > authorizing via signed-in user (dclife16q@gmail.com)
[error] Failed to fetch Firebase Project from Studio Workspace because WORKSPACE_SLUG environment variable is empty
[error] Failed to fetch Firebase Project from Studio Workspace because WORKSPACE_SLUG environment variable is empty
[error] Failed to fetch Firebase Project from Studio Workspace because WORKSPACE_SLUG environment variable is empty
[debug] [2026-02-22T13:55:07.912Z] > command requires scopes: ["email","openid","https://www.googleapis.com/auth/cloudplatformprojects.readonly","https://www.googleapis.com/auth/firebase","https://www.googleapis.com/auth/cloud-platform","https://www.googleapis.com/auth/userinfo.email"]
[debug] [2026-02-22T13:55:07.913Z] > authorizing via signed-in user (dclife16q@gmail.com)
[error] Failed to fetch Firebase Project from Studio Workspace because WORKSPACE_SLUG environment variable is empty
[debug] [2026-02-22T13:55:07.914Z] > command requires scopes: ["email","openid","https://www.googleapis.com/auth/cloudplatformprojects.readonly","https://www.googleapis.com/auth/firebase","https://www.googleapis.com/auth/cloud-platform","https://www.googleapis.com/auth/userinfo.email"]
[debug] [2026-02-22T13:55:07.915Z] > authorizing via signed-in user (dclife16q@gmail.com)
[error] Failed to fetch Firebase Project from Studio Workspace because WORKSPACE_SLUG environment variable is empty
[error] Failed to fetch Firebase Project from Studio Workspace because WORKSPACE_SLUG environment variable is empty
[error] Failed to fetch Firebase Project from Studio Workspace because WORKSPACE_SLUG environment variable is empty
[debug] [2026-02-22T13:55:07.934Z] > command requires scopes: ["email","openid","https://www.googleapis.com/auth/cloudplatformprojects.readonly","https://www.googleapis.com/auth/firebase","https://www.googleapis.com/auth/cloud-platform","https://www.googleapis.com/auth/userinfo.email"]
[debug] [2026-02-22T13:55:07.934Z] > authorizing via signed-in user (dclife16q@gmail.com)
[error] Failed to fetch Firebase Project from Studio Workspace because WORKSPACE_SLUG environment variable is empty
[debug] [2026-02-22T13:55:07.940Z] > command requires scopes: ["email","openid","https://www.googleapis.com/auth/cloudplatformprojects.readonly","https://www.googleapis.com/auth/firebase","https://www.googleapis.com/auth/cloud-platform","https://www.googleapis.com/auth/userinfo.email"]
[debug] [2026-02-22T13:55:07.942Z] > authorizing via signed-in user (dclife16q@gmail.com)
[error] Failed to fetch Firebase Project from Studio Workspace because WORKSPACE_SLUG environment variable is empty
[error] Failed to fetch Firebase Project from Studio Workspace because WORKSPACE_SLUG environment variable is empty
[error] Failed to fetch Firebase Project from Studio Workspace because WORKSPACE_SLUG environment variable is empty
[error] Failed to fetch Firebase Project from Studio Workspace because WORKSPACE_SLUG environment variable is empty
[error] Failed to fetch Firebase Project from Studio Workspace because WORKSPACE_SLUG environment variable is empty
[error] Failed to fetch Firebase Project from Studio Workspace because WORKSPACE_SLUG environment variable is empty
[error] Failed to fetch Firebase Project from Studio Workspace because WORKSPACE_SLUG environment variable is empty
[error] Failed to fetch Firebase Project from Studio Workspace because WORKSPACE_SLUG environment variable is empty
[error] Failed to fetch Firebase Project from Studio Workspace because WORKSPACE_SLUG environment variable is empty
[debug] [2026-02-22T13:55:07.976Z] > command requires scopes: ["email","openid","https://www.googleapis.com/auth/cloudplatformprojects.readonly","https://www.googleapis.com/auth/firebase","https://www.googleapis.com/auth/cloud-platform","https://www.googleapis.com/auth/userinfo.email"]
[debug] [2026-02-22T13:55:07.976Z] > authorizing via signed-in user (dclife16q@gmail.com)
[debug] [2026-02-22T13:55:07.978Z] > command requires scopes: ["email","openid","https://www.googleapis.com/auth/cloudplatformprojects.readonly","https://www.googleapis.com/auth/firebase","https://www.googleapis.com/auth/cloud-platform","https://www.googleapis.com/auth/userinfo.email"]
[debug] [2026-02-22T13:55:07.978Z] > authorizing via signed-in user (dclife16q@gmail.com)
[debug] [2026-02-22T13:55:07.979Z] > command requires scopes: ["email","openid","https://www.googleapis.com/auth/cloudplatformprojects.readonly","https://www.googleapis.com/auth/firebase","https://www.googleapis.com/auth/cloud-platform","https://www.googleapis.com/auth/userinfo.email"]
[debug] [2026-02-22T13:55:07.979Z] > authorizing via signed-in user (dclife16q@gmail.com)
[error] Failed to fetch Firebase Project from Studio Workspace because WORKSPACE_SLUG environment variable is empty
[error] Failed to fetch Firebase Project from Studio Workspace because WORKSPACE_SLUG environment variable is empty
[error] Failed to fetch Firebase Project from Studio Workspace because WORKSPACE_SLUG environment variable is empty
[debug] [2026-02-22T13:55:07.983Z] > command requires scopes: ["email","openid","https://www.googleapis.com/auth/cloudplatformprojects.readonly","https://www.googleapis.com/auth/firebase","https://www.googleapis.com/auth/cloud-platform","https://www.googleapis.com/auth/userinfo.email"]
[debug] [2026-02-22T13:55:07.983Z] > authorizing via signed-in user (dclife16q@gmail.com)
[debug] [2026-02-22T13:55:07.984Z] > command requires scopes: ["email","openid","https://www.googleapis.com/auth/cloudplatformprojects.readonly","https://www.googleapis.com/auth/firebase","https://www.googleapis.com/auth/cloud-platform","https://www.googleapis.com/auth/userinfo.email"]
[debug] [2026-02-22T13:55:07.984Z] > authorizing via signed-in user (dclife16q@gmail.com)
[debug] [2026-02-22T13:55:07.984Z] > command requires scopes: ["email","openid","https://www.googleapis.com/auth/cloudplatformprojects.readonly","https://www.googleapis.com/auth/firebase","https://www.googleapis.com/auth/cloud-platform","https://www.googleapis.com/auth/userinfo.email"]
[debug] [2026-02-22T13:55:07.984Z] > authorizing via signed-in user (dclife16q@gmail.com)
[error] Failed to fetch Firebase Project from Studio Workspace because WORKSPACE_SLUG environment variable is empty
[error] Failed to fetch Firebase Project from Studio Workspace because WORKSPACE_SLUG environment variable is empty
[debug] [2026-02-22T14:57:03.333Z] > command requires scopes: ["email","openid","https://www.googleapis.com/auth/cloudplatformprojects.readonly","https://www.googleapis.com/auth/firebase","https://www.googleapis.com/auth/cloud-platform","https://www.googleapis.com/auth/userinfo.email"]
[debug] [2026-02-22T14:57:12.060Z] Running auto auth
[error] Failed to fetch Firebase Project from Studio Workspace because WORKSPACE_SLUG environment variable is empty
[error] Failed to fetch Firebase Project from Studio Workspace because WORKSPACE_SLUG environment variable is empty
[debug] [2026-02-22T14:57:12.088Z] > command requires scopes: ["email","openid","https://www.googleapis.com/auth/cloudplatformprojects.readonly","https://www.googleapis.com/auth/firebase","https://www.googleapis.com/auth/cloud-platform","https://www.googleapis.com/auth/userinfo.email"]
[debug] [2026-02-22T14:57:12.088Z] > authorizing via signed-in user (dclife16q@gmail.com)
[error] Failed to fetch Firebase Project from Studio Workspace because WORKSPACE_SLUG environment variable is empty
[error] Failed to fetch Firebase Project from Studio Workspace because WORKSPACE_SLUG environment variable is empty
[debug] [2026-02-22T14:57:19.401Z] > command requires scopes: ["email","openid","https://www.googleapis.com/auth/cloudplatformprojects.readonly","https://www.googleapis.com/auth/firebase","https://www.googleapis.com/auth/cloud-platform","https://www.googleapis.com/auth/userinfo.email"]
[debug] [2026-02-22T14:57:19.401Z] > authorizing via signed-in user (dclife16q@gmail.com)
[error] Failed to fetch Firebase Project from Studio Workspace because WORKSPACE_SLUG environment variable is empty
[error] Failed to fetch Firebase Project from Studio Workspace because WORKSPACE_SLUG environment variable is empty
[error] Failed to fetch Firebase Project from Studio Workspace because WORKSPACE_SLUG environment variable is empty
[debug] [2026-02-22T14:57:27.976Z] > command requires scopes: ["email","openid","https://www.googleapis.com/auth/cloudplatformprojects.readonly","https://www.googleapis.com/auth/firebase","https://www.googleapis.com/auth/cloud-platform","https://www.googleapis.com/auth/userinfo.email"]
[debug] [2026-02-22T14:57:27.976Z] > authorizing via signed-in user (dclife16q@gmail.com)
[error] Failed to fetch Firebase Project from Studio Workspace because WORKSPACE_SLUG environment variable is empty
[error] Failed to fetch Firebase Project from Studio Workspace because WORKSPACE_SLUG environment variable is empty
[debug] [2026-02-22T14:57:27.987Z] > command requires scopes: ["email","openid","https://www.googleapis.com/auth/cloudplatformprojects.readonly","https://www.googleapis.com/auth/firebase","https://www.googleapis.com/auth/cloud-platform","https://www.googleapis.com/auth/userinfo.email"]
[debug] [2026-02-22T14:57:27.987Z] > authorizing via signed-in user (dclife16q@gmail.com)
[debug] [2026-02-22T14:57:27.999Z] No OAuth tokens found
[debug] [2026-02-22T14:57:28.005Z] >>> [apiv2][query] GET https://firebase.googleapis.com/v1beta1/projects pageSize=1000
[debug] [2026-02-22T14:57:28.485Z] <<< [apiv2][status] GET https://firebase.googleapis.com/v1beta1/projects 200
[debug] [2026-02-22T14:57:28.485Z] <<< [apiv2][body] GET https://firebase.googleapis.com/v1beta1/projects [omitted]
[error] Failed to fetch Firebase Project from Studio Workspace because WORKSPACE_SLUG environment variable is empty
[error] Failed to fetch Firebase Project from Studio Workspace because WORKSPACE_SLUG environment variable is empty
[debug] [2026-02-22T14:57:37.946Z] > command requires scopes: ["email","openid","https://www.googleapis.com/auth/cloudplatformprojects.readonly","https://www.googleapis.com/auth/firebase","https://www.googleapis.com/auth/cloud-platform","https://www.googleapis.com/auth/userinfo.email"]
[debug] [2026-02-22T14:57:37.946Z] > authorizing via signed-in user (dclife16q@gmail.com)
[error] Failed to fetch Firebase Project from Studio Workspace because WORKSPACE_SLUG environment variable is empty
[error] Failed to fetch Firebase Project from Studio Workspace because WORKSPACE_SLUG environment variable is empty
[debug] [2026-02-22T14:57:37.949Z] > command requires scopes: ["email","openid","https://www.googleapis.com/auth/cloudplatformprojects.readonly","https://www.googleapis.com/auth/firebase","https://www.googleapis.com/auth/cloud-platform","https://www.googleapis.com/auth/userinfo.email"]
[debug] [2026-02-22T14:57:37.950Z] > authorizing via signed-in user (dclife16q@gmail.com)
[debug] [2026-02-22T14:57:37.953Z] No OAuth tokens found
[debug] [2026-02-22T14:57:37.953Z] >>> [apiv2][query] GET https://serviceusage.googleapis.com/v1/projects/funchat123/services/cloudresourcemanager.googleapis.com [none]
[debug] [2026-02-22T14:57:37.953Z] >>> [apiv2][(partial)header] GET https://serviceusage.googleapis.com/v1/projects/funchat123/services/cloudresourcemanager.googleapis.com  x-goog-user-project=funchat123
[debug] [2026-02-22T14:57:38.741Z] <<< [apiv2][status] GET https://serviceusage.googleapis.com/v1/projects/funchat123/services/cloudresourcemanager.googleapis.com 200
[debug] [2026-02-22T14:57:38.741Z] <<< [apiv2][body] GET https://serviceusage.googleapis.com/v1/projects/funchat123/services/cloudresourcemanager.googleapis.com [omitted]
[debug] [2026-02-22T14:57:38.753Z] No OAuth tokens found
[debug] [2026-02-22T14:57:38.754Z] >>> [apiv2][query] GET https://cloudresourcemanager.googleapis.com/v1/projects/funchat123 [none]
[debug] [2026-02-22T14:57:39.383Z] <<< [apiv2][status] GET https://cloudresourcemanager.googleapis.com/v1/projects/funchat123 200
[debug] [2026-02-22T14:57:39.383Z] <<< [apiv2][body] GET https://cloudresourcemanager.googleapis.com/v1/projects/funchat123 {"projectNumber":"634132035143","projectId":"funchat123","lifecycleState":"ACTIVE","name":"funchat","labels":{"firebase":"enabled","firebase-core":"disabled"},"createTime":"2026-02-17T10:16:39.665201Z"}
[info] Updating Studio Workspace active project to match Firebase CLI 'funchat123'
[error] Failed to update Firebase Project for Studio Workspace because WORKSPACE_SLUG environment variable is empty
[info] Now using project funchat123
[error] Failed to fetch Firebase Project from Studio Workspace because WORKSPACE_SLUG environment variable is empty
[error] Failed to fetch Firebase Project from Studio Workspace because WORKSPACE_SLUG environment variable is empty
[debug] [2026-02-22T14:57:45.909Z] > command requires scopes: ["email","openid","https://www.googleapis.com/auth/cloudplatformprojects.readonly","https://www.googleapis.com/auth/firebase","https://www.googleapis.com/auth/cloud-platform","https://www.googleapis.com/auth/userinfo.email"]
[debug] [2026-02-22T14:57:45.909Z] > authorizing via signed-in user (dclife16q@gmail.com)
[debug] [2026-02-22T14:57:45.921Z] No OAuth tokens found
[debug] [2026-02-22T14:57:45.922Z] >>> [apiv2][query] GET https://cloudbilling.googleapis.com/v1/projects/funchat123/billingInfo [none]
[debug] [2026-02-22T14:57:46.185Z] <<< [apiv2][status] GET https://cloudbilling.googleapis.com/v1/projects/funchat123/billingInfo 200
[debug] [2026-02-22T14:57:46.185Z] <<< [apiv2][body] GET https://cloudbilling.googleapis.com/v1/projects/funchat123/billingInfo {"name":"projects/funchat123/billingInfo","projectId":"funchat123","billingAccountName":"","billingEnabled":false}
[error] Failed to fetch Firebase Project from Studio Workspace because WORKSPACE_SLUG environment variable is empty
[error] Failed to fetch Firebase Project from Studio Workspace because WORKSPACE_SLUG environment variable is empty
[debug] [2026-02-22T14:57:46.188Z] > command requires scopes: ["email","openid","https://www.googleapis.com/auth/cloudplatformprojects.readonly","https://www.googleapis.com/auth/firebase","https://www.googleapis.com/auth/cloud-platform","https://www.googleapis.com/auth/userinfo.email"]
[debug] [2026-02-22T14:57:46.188Z] > authorizing via signed-in user (dclife16q@gmail.com)
[debug] [2026-02-22T14:57:46.188Z] No OAuth tokens found
[debug] [2026-02-22T14:57:46.190Z] >>> [apiv2][query] GET https://cloudbilling.googleapis.com/v1/projects/funchat123/billingInfo [none]
[debug] [2026-02-22T14:57:46.376Z] <<< [apiv2][status] GET https://cloudbilling.googleapis.com/v1/projects/funchat123/billingInfo 200
[debug] [2026-02-22T14:57:46.376Z] <<< [apiv2][body] GET https://cloudbilling.googleapis.com/v1/projects/funchat123/billingInfo {"name":"projects/funchat123/billingInfo","projectId":"funchat123","billingAccountName":"","billingEnabled":false}
[debug] [2026-02-22T14:57:46.378Z] No OAuth tokens found
[debug] [2026-02-22T14:57:46.378Z] >>> [apiv2][query] GET https://cloudresourcemanager.googleapis.com/v1/projects/funchat123 [none]
[debug] [2026-02-22T14:57:47.006Z] <<< [apiv2][status] GET https://cloudresourcemanager.googleapis.com/v1/projects/funchat123 200
[debug] [2026-02-22T14:57:47.007Z] <<< [apiv2][body] GET https://cloudresourcemanager.googleapis.com/v1/projects/funchat123 {"projectNumber":"634132035143","projectId":"funchat123","lifecycleState":"ACTIVE","name":"funchat","labels":{"firebase":"enabled","firebase-core":"disabled"},"createTime":"2026-02-17T10:16:39.665201Z"}
[error] Failed to fetch Firebase Project from Studio Workspace because WORKSPACE_SLUG environment variable is empty
[error] Failed to fetch Firebase Project from Studio Workspace because WORKSPACE_SLUG environment variable is empty
[debug] [2026-02-22T15:13:33.029Z] > command requires scopes: ["email","openid","https://www.googleapis.com/auth/cloudplatformprojects.readonly","https://www.googleapis.com/auth/firebase","https://www.googleapis.com/auth/cloud-platform","https://www.googleapis.com/auth/userinfo.email"]
[debug] [2026-02-22T15:13:33.029Z] > authorizing via signed-in user (dclife16q@gmail.com)
[debug] [2026-02-22T15:13:33.030Z] No OAuth tokens found
[debug] [2026-02-22T15:13:33.030Z] >>> [apiv2][query] GET https://cloudbilling.googleapis.com/v1/projects/funchat123/billingInfo [none]
[debug] [2026-02-22T15:13:33.477Z] <<< [apiv2][status] GET https://cloudbilling.googleapis.com/v1/projects/funchat123/billingInfo 200
[debug] [2026-02-22T15:13:33.478Z] <<< [apiv2][body] GET https://cloudbilling.googleapis.com/v1/projects/funchat123/billingInfo {"name":"projects/funchat123/billingInfo","projectId":"funchat123","billingAccountName":"","billingEnabled":false}
[error] Failed to fetch Firebase Project from Studio Workspace because WORKSPACE_SLUG environment variable is empty
[error] Failed to fetch Firebase Project from Studio Workspace because WORKSPACE_SLUG environment variable is empty
[debug] [2026-02-22T15:13:33.484Z] > command requires scopes: ["email","openid","https://www.googleapis.com/auth/cloudplatformprojects.readonly","https://www.googleapis.com/auth/firebase","https://www.googleapis.com/auth/cloud-platform","https://www.googleapis.com/auth/userinfo.email"]
[debug] [2026-02-22T15:13:33.484Z] > authorizing via signed-in user (dclife16q@gmail.com)
[debug] [2026-02-22T15:13:33.487Z] No OAuth tokens found
[debug] [2026-02-22T15:13:33.488Z] >>> [apiv2][query] GET https://cloudbilling.googleapis.com/v1/projects/funchat123/billingInfo [none]
[debug] [2026-02-22T15:13:33.640Z] <<< [apiv2][status] GET https://cloudbilling.googleapis.com/v1/projects/funchat123/billingInfo 200
[debug] [2026-02-22T15:13:33.640Z] <<< [apiv2][body] GET https://cloudbilling.googleapis.com/v1/projects/funchat123/billingInfo {"name":"projects/funchat123/billingInfo","projectId":"funchat123","billingAccountName":"","billingEnabled":false}
[debug] [2026-02-22T15:13:33.643Z] No OAuth tokens found
[debug] [2026-02-22T15:13:33.647Z] >>> [apiv2][query] POST https://firebase.googleapis.com/v1beta1/projects/funchat123/webApps [none]
[debug] [2026-02-22T15:13:33.647Z] >>> [apiv2][body] POST https://firebase.googleapis.com/v1beta1/projects/funchat123/webApps {"displayName":"Fun Chat Web"}
[debug] [2026-02-22T15:13:34.918Z] <<< [apiv2][status] POST https://firebase.googleapis.com/v1beta1/projects/funchat123/webApps 200
[debug] [2026-02-22T15:13:34.918Z] <<< [apiv2][body] POST https://firebase.googleapis.com/v1beta1/projects/funchat123/webApps {"name":"operations/workflows/YTI4MGI1NmQtNmRhNi00OGYzLWJlZDktYWI2MjlhNDQzYTUz"}
[debug] [2026-02-22T15:13:34.923Z] No OAuth tokens found
[debug] [2026-02-22T15:13:34.924Z] >>> [apiv2][query] GET https://firebase.googleapis.com/v1beta1/operations/workflows/YTI4MGI1NmQtNmRhNi00OGYzLWJlZDktYWI2MjlhNDQzYTUz [none]
[debug] [2026-02-22T15:13:35.314Z] <<< [apiv2][status] GET https://firebase.googleapis.com/v1beta1/operations/workflows/YTI4MGI1NmQtNmRhNi00OGYzLWJlZDktYWI2MjlhNDQzYTUz 200
[debug] [2026-02-22T15:13:35.314Z] <<< [apiv2][body] GET https://firebase.googleapis.com/v1beta1/operations/workflows/YTI4MGI1NmQtNmRhNi00OGYzLWJlZDktYWI2MjlhNDQzYTUz {"name":"operations/workflows/YTI4MGI1NmQtNmRhNi00OGYzLWJlZDktYWI2MjlhNDQzYTUz"}
[debug] [2026-02-22T15:13:35.815Z] [Create Web app Poller] Retrying task index 0
[debug] [2026-02-22T15:13:35.816Z] No OAuth tokens found
[debug] [2026-02-22T15:13:35.816Z] >>> [apiv2][query] GET https://firebase.googleapis.com/v1beta1/operations/workflows/YTI4MGI1NmQtNmRhNi00OGYzLWJlZDktYWI2MjlhNDQzYTUz [none]
[debug] [2026-02-22T15:13:36.179Z] <<< [apiv2][status] GET https://firebase.googleapis.com/v1beta1/operations/workflows/YTI4MGI1NmQtNmRhNi00OGYzLWJlZDktYWI2MjlhNDQzYTUz 200
[debug] [2026-02-22T15:13:36.179Z] <<< [apiv2][body] GET https://firebase.googleapis.com/v1beta1/operations/workflows/YTI4MGI1NmQtNmRhNi00OGYzLWJlZDktYWI2MjlhNDQzYTUz {"name":"operations/workflows/YTI4MGI1NmQtNmRhNi00OGYzLWJlZDktYWI2MjlhNDQzYTUz"}
[debug] [2026-02-22T15:13:37.180Z] [Create Web app Poller] Retrying task index 0
[debug] [2026-02-22T15:13:37.181Z] No OAuth tokens found
[debug] [2026-02-22T15:13:37.181Z] >>> [apiv2][query] GET https://firebase.googleapis.com/v1beta1/operations/workflows/YTI4MGI1NmQtNmRhNi00OGYzLWJlZDktYWI2MjlhNDQzYTUz [none]
[debug] [2026-02-22T15:13:37.593Z] <<< [apiv2][status] GET https://firebase.googleapis.com/v1beta1/operations/workflows/YTI4MGI1NmQtNmRhNi00OGYzLWJlZDktYWI2MjlhNDQzYTUz 200
[debug] [2026-02-22T15:13:37.593Z] <<< [apiv2][body] GET https://firebase.googleapis.com/v1beta1/operations/workflows/YTI4MGI1NmQtNmRhNi00OGYzLWJlZDktYWI2MjlhNDQzYTUz {"name":"operations/workflows/YTI4MGI1NmQtNmRhNi00OGYzLWJlZDktYWI2MjlhNDQzYTUz"}
[debug] [2026-02-22T15:13:39.594Z] [Create Web app Poller] Retrying task index 0
[debug] [2026-02-22T15:13:39.595Z] No OAuth tokens found
[debug] [2026-02-22T15:13:39.596Z] >>> [apiv2][query] GET https://firebase.googleapis.com/v1beta1/operations/workflows/YTI4MGI1NmQtNmRhNi00OGYzLWJlZDktYWI2MjlhNDQzYTUz [none]
[debug] [2026-02-22T15:13:39.990Z] <<< [apiv2][status] GET https://firebase.googleapis.com/v1beta1/operations/workflows/YTI4MGI1NmQtNmRhNi00OGYzLWJlZDktYWI2MjlhNDQzYTUz 200
[debug] [2026-02-22T15:13:39.990Z] <<< [apiv2][body] GET https://firebase.googleapis.com/v1beta1/operations/workflows/YTI4MGI1NmQtNmRhNi00OGYzLWJlZDktYWI2MjlhNDQzYTUz {"name":"operations/workflows/YTI4MGI1NmQtNmRhNi00OGYzLWJlZDktYWI2MjlhNDQzYTUz"}
[debug] [2026-02-22T15:13:43.992Z] [Create Web app Poller] Retrying task index 0
[debug] [2026-02-22T15:13:43.993Z] No OAuth tokens found
[debug] [2026-02-22T15:13:43.993Z] >>> [apiv2][query] GET https://firebase.googleapis.com/v1beta1/operations/workflows/YTI4MGI1NmQtNmRhNi00OGYzLWJlZDktYWI2MjlhNDQzYTUz [none]
[debug] [2026-02-22T15:13:44.329Z] <<< [apiv2][status] GET https://firebase.googleapis.com/v1beta1/operations/workflows/YTI4MGI1NmQtNmRhNi00OGYzLWJlZDktYWI2MjlhNDQzYTUz 200
[debug] [2026-02-22T15:13:44.329Z] <<< [apiv2][body] GET https://firebase.googleapis.com/v1beta1/operations/workflows/YTI4MGI1NmQtNmRhNi00OGYzLWJlZDktYWI2MjlhNDQzYTUz {"name":"operations/workflows/YTI4MGI1NmQtNmRhNi00OGYzLWJlZDktYWI2MjlhNDQzYTUz","done":true,"response":{"@type":"type.googleapis.com/google.firebase.service.v1beta1.WebApp","name":"projects/funchat123/webApps/1:634132035143:web:869fd511c9a7cf979ba362","appId":"1:634132035143:web:869fd511c9a7cf979ba362","displayName":"Fun Chat Web","projectId":"funchat123","webId":"NGEzOTk4YzMtODNlYS00MzhkLWI1ZWMtMDAzMGRmMDllY2Uy","apiKeyId":"77906d7e-eaee-470b-aad0-aadc0437cdc0","state":"ACTIVE","expireTime":"1970-01-01T00:00:00Z","etag":"1_da2e365f-2695-4093-ab00-106c5f3f62c0"}}
[error] Failed to fetch Firebase Project from Studio Workspace because WORKSPACE_SLUG environment variable is empty
[error] Failed to fetch Firebase Project from Studio Workspace because WORKSPACE_SLUG environment variable is empty
[debug] [2026-02-22T15:13:55.715Z] > command requires scopes: ["email","openid","https://www.googleapis.com/auth/cloudplatformprojects.readonly","https://www.googleapis.com/auth/firebase","https://www.googleapis.com/auth/cloud-platform","https://www.googleapis.com/auth/userinfo.email"]
[debug] [2026-02-22T15:13:55.716Z] > authorizing via signed-in user (dclife16q@gmail.com)
[debug] [2026-02-22T15:13:55.716Z] No OAuth tokens found
[debug] [2026-02-22T15:13:55.716Z] >>> [apiv2][query] GET https://cloudbilling.googleapis.com/v1/projects/funchat123/billingInfo [none]
[debug] [2026-02-22T15:13:55.894Z] <<< [apiv2][status] GET https://cloudbilling.googleapis.com/v1/projects/funchat123/billingInfo 200
[debug] [2026-02-22T15:13:55.894Z] <<< [apiv2][body] GET https://cloudbilling.googleapis.com/v1/projects/funchat123/billingInfo {"name":"projects/funchat123/billingInfo","projectId":"funchat123","billingAccountName":"","billingEnabled":false}
[error] Failed to fetch Firebase Project from Studio Workspace because WORKSPACE_SLUG environment variable is empty
[error] Failed to fetch Firebase Project from Studio Workspace because WORKSPACE_SLUG environment variable is empty
[debug] [2026-02-22T15:13:55.900Z] > command requires scopes: ["email","openid","https://www.googleapis.com/auth/cloudplatformprojects.readonly","https://www.googleapis.com/auth/firebase","https://www.googleapis.com/auth/cloud-platform","https://www.googleapis.com/auth/userinfo.email"]
[debug] [2026-02-22T15:13:55.900Z] > authorizing via signed-in user (dclife16q@gmail.com)
[debug] [2026-02-22T15:13:55.901Z] No OAuth tokens found
[debug] [2026-02-22T15:13:55.901Z] >>> [apiv2][query] GET https://cloudbilling.googleapis.com/v1/projects/funchat123/billingInfo [none]
[debug] [2026-02-22T15:13:56.047Z] <<< [apiv2][status] GET https://cloudbilling.googleapis.com/v1/projects/funchat123/billingInfo 200
[debug] [2026-02-22T15:13:56.047Z] <<< [apiv2][body] GET https://cloudbilling.googleapis.com/v1/projects/funchat123/billingInfo {"name":"projects/funchat123/billingInfo","projectId":"funchat123","billingAccountName":"","billingEnabled":false}
[debug] [2026-02-22T15:13:56.051Z] No OAuth tokens found
[debug] [2026-02-22T15:13:56.052Z] >>> [apiv2][query] GET https://firebase.googleapis.com/v1beta1/projects/funchat123:searchApps pageSize=100
[debug] [2026-02-22T15:13:56.342Z] <<< [apiv2][status] GET https://firebase.googleapis.com/v1beta1/projects/funchat123:searchApps 200
[debug] [2026-02-22T15:13:56.343Z] <<< [apiv2][body] GET https://firebase.googleapis.com/v1beta1/projects/funchat123:searchApps {"apps":[{"name":"projects/funchat123/webApps/1:634132035143:web:869fd511c9a7cf979ba362","displayName":"Fun Chat Web","platform":"WEB","appId":"1:634132035143:web:869fd511c9a7cf979ba362","namespace":"NGEzOTk4YzMtODNlYS00MzhkLWI1ZWMtMDAzMGRmMDllY2Uy","apiKeyId":"77906d7e-eaee-470b-aad0-aadc0437cdc0","state":"ACTIVE","expireTime":"1970-01-01T00:00:00Z"}]}
[debug] [2026-02-22T15:13:56.344Z] No OAuth tokens found
[debug] [2026-02-22T15:13:56.344Z] >>> [apiv2][query] GET https://firebase.googleapis.com/v1beta1/projects/-/webApps/1:634132035143:web:869fd511c9a7cf979ba362/config [none]
[debug] [2026-02-22T15:13:56.876Z] <<< [apiv2][status] GET https://firebase.googleapis.com/v1beta1/projects/-/webApps/1:634132035143:web:869fd511c9a7cf979ba362/config 200
[debug] [2026-02-22T15:13:56.876Z] <<< [apiv2][body] GET https://firebase.googleapis.com/v1beta1/projects/-/webApps/1:634132035143:web:869fd511c9a7cf979ba362/config {"projectId":"funchat123","appId":"1:634132035143:web:869fd511c9a7cf979ba362","storageBucket":"funchat123.firebasestorage.app","apiKey":"AIzaSyBqKy0ohTziqnA8Wn6bSEhuYzzQcXL7BVc","authDomain":"funchat123.firebaseapp.com","messagingSenderId":"634132035143","measurementId":"G-ZLXZDGHBXK","projectNumber":"634132035143","version":"2"}
[error] Failed to fetch Firebase Project from Studio Workspace because WORKSPACE_SLUG environment variable is empty
[error] Failed to fetch Firebase Project from Studio Workspace because WORKSPACE_SLUG environment variable is empty
[debug] [2026-02-22T15:18:46.939Z] > command requires scopes: ["email","openid","https://www.googleapis.com/auth/cloudplatformprojects.readonly","https://www.googleapis.com/auth/firebase","https://www.googleapis.com/auth/cloud-platform","https://www.googleapis.com/auth/userinfo.email"]
[debug] [2026-02-22T15:18:46.940Z] > authorizing via signed-in user (dclife16q@gmail.com)
[debug] [2026-02-22T15:18:46.941Z] No OAuth tokens found
[debug] [2026-02-22T15:18:46.941Z] >>> [apiv2][query] GET https://cloudbilling.googleapis.com/v1/projects/funchat123/billingInfo [none]
[debug] [2026-02-22T15:18:47.157Z] <<< [apiv2][status] GET https://cloudbilling.googleapis.com/v1/projects/funchat123/billingInfo 200
[debug] [2026-02-22T15:18:47.158Z] <<< [apiv2][body] GET https://cloudbilling.googleapis.com/v1/projects/funchat123/billingInfo {"name":"projects/funchat123/billingInfo","projectId":"funchat123","billingAccountName":"","billingEnabled":false}
[error] Failed to fetch Firebase Project from Studio Workspace because WORKSPACE_SLUG environment variable is empty
[error] Failed to fetch Firebase Project from Studio Workspace because WORKSPACE_SLUG environment variable is empty
[debug] [2026-02-22T15:18:47.161Z] > command requires scopes: ["email","openid","https://www.googleapis.com/auth/cloudplatformprojects.readonly","https://www.googleapis.com/auth/firebase","https://www.googleapis.com/auth/cloud-platform","https://www.googleapis.com/auth/userinfo.email"]
[debug] [2026-02-22T15:18:47.162Z] > authorizing via signed-in user (dclife16q@gmail.com)
[debug] [2026-02-22T15:18:47.162Z] No OAuth tokens found
[debug] [2026-02-22T15:18:47.162Z] >>> [apiv2][query] GET https://cloudbilling.googleapis.com/v1/projects/funchat123/billingInfo [none]
[debug] [2026-02-22T15:18:47.303Z] <<< [apiv2][status] GET https://cloudbilling.googleapis.com/v1/projects/funchat123/billingInfo 200
[debug] [2026-02-22T15:18:47.303Z] <<< [apiv2][body] GET https://cloudbilling.googleapis.com/v1/projects/funchat123/billingInfo {"name":"projects/funchat123/billingInfo","projectId":"funchat123","billingAccountName":"","billingEnabled":false}
[info] 
=== Firestore Setup Actuation
[info] ✔  Wrote firestore.rules 
[info] ✔  Wrote firestore.indexes.json 
[info] ✔  Wrote configuration info to firebase.json 
[info] ✔  Wrote project information to .firebaserc 
[error] Failed to fetch Firebase Project from Studio Workspace because WORKSPACE_SLUG environment variable is empty
[error] Failed to fetch Firebase Project from Studio Workspace because WORKSPACE_SLUG environment variable is empty
[debug] [2026-02-22T15:22:34.381Z] > command requires scopes: ["email","openid","https://www.googleapis.com/auth/cloudplatformprojects.readonly","https://www.googleapis.com/auth/firebase","https://www.googleapis.com/auth/cloud-platform","https://www.googleapis.com/auth/userinfo.email"]
[debug] [2026-02-22T15:22:34.381Z] > authorizing via signed-in user (dclife16q@gmail.com)
[debug] [2026-02-22T15:22:34.382Z] No OAuth tokens found
[debug] [2026-02-22T15:22:34.382Z] >>> [apiv2][query] GET https://cloudbilling.googleapis.com/v1/projects/funchat123/billingInfo [none]
[debug] [2026-02-22T15:22:34.639Z] <<< [apiv2][status] GET https://cloudbilling.googleapis.com/v1/projects/funchat123/billingInfo 200
[debug] [2026-02-22T15:22:34.639Z] <<< [apiv2][body] GET https://cloudbilling.googleapis.com/v1/projects/funchat123/billingInfo {"name":"projects/funchat123/billingInfo","projectId":"funchat123","billingAccountName":"","billingEnabled":false}
[error] Failed to fetch Firebase Project from Studio Workspace because WORKSPACE_SLUG environment variable is empty
[error] Failed to fetch Firebase Project from Studio Workspace because WORKSPACE_SLUG environment variable is empty
[debug] [2026-02-22T15:22:34.642Z] > command requires scopes: ["email","openid","https://www.googleapis.com/auth/cloudplatformprojects.readonly","https://www.googleapis.com/auth/firebase","https://www.googleapis.com/auth/cloud-platform","https://www.googleapis.com/auth/userinfo.email"]
[debug] [2026-02-22T15:22:34.642Z] > authorizing via signed-in user (dclife16q@gmail.com)
[debug] [2026-02-22T15:22:34.642Z] No OAuth tokens found
[debug] [2026-02-22T15:22:34.643Z] >>> [apiv2][query] GET https://cloudbilling.googleapis.com/v1/projects/funchat123/billingInfo [none]
[debug] [2026-02-22T15:22:34.826Z] <<< [apiv2][status] GET https://cloudbilling.googleapis.com/v1/projects/funchat123/billingInfo 200
[debug] [2026-02-22T15:22:34.826Z] <<< [apiv2][body] GET https://cloudbilling.googleapis.com/v1/projects/funchat123/billingInfo {"name":"projects/funchat123/billingInfo","projectId":"funchat123","billingAccountName":"","billingEnabled":false}
[debug] [2026-02-22T15:22:34.833Z] No OAuth tokens found
[debug] [2026-02-22T15:22:34.836Z] >>> [apiv2][query] GET https://cloudresourcemanager.googleapis.com/v1/projects/funchat123 [none]
[debug] [2026-02-22T15:22:35.498Z] <<< [apiv2][status] GET https://cloudresourcemanager.googleapis.com/v1/projects/funchat123 200
[debug] [2026-02-22T15:22:35.498Z] <<< [apiv2][body] GET https://cloudresourcemanager.googleapis.com/v1/projects/funchat123 {"projectNumber":"634132035143","projectId":"funchat123","lifecycleState":"ACTIVE","name":"funchat","labels":{"firebase":"enabled","firebase-core":"disabled"},"createTime":"2026-02-17T10:16:39.665201Z"}
[error] Failed to fetch Firebase Project from Studio Workspace because WORKSPACE_SLUG environment variable is empty
[error] Failed to fetch Firebase Project from Studio Workspace because WORKSPACE_SLUG environment variable is empty
[debug] [2026-02-23T07:03:09.579Z] > command requires scopes: ["email","openid","https://www.googleapis.com/auth/cloudplatformprojects.readonly","https://www.googleapis.com/auth/firebase","https://www.googleapis.com/auth/cloud-platform","https://www.googleapis.com/auth/userinfo.email"]
[debug] [2026-02-23T07:03:15.985Z] Running auto auth
[debug] [2026-02-23T07:03:16.050Z] No OAuth tokens found
[debug] [2026-02-23T07:03:16.075Z] >>> [apiv2][query] GET https://cloudbilling.googleapis.com/v1/projects/funchat123/billingInfo [none]
[debug] [2026-02-23T07:03:16.364Z] <<< [apiv2][status] GET https://cloudbilling.googleapis.com/v1/projects/funchat123/billingInfo 200
[debug] [2026-02-23T07:03:16.368Z] <<< [apiv2][body] GET https://cloudbilling.googleapis.com/v1/projects/funchat123/billingInfo {"name":"projects/funchat123/billingInfo","projectId":"funchat123","billingAccountName":"","billingEnabled":false}
[debug] [2026-02-23T07:03:16.392Z] No OAuth tokens found
[debug] [2026-02-23T07:03:16.393Z] No OAuth tokens found
[debug] [2026-02-23T07:03:16.394Z] No OAuth tokens found
[debug] [2026-02-23T07:03:16.395Z] No OAuth tokens found
[debug] [2026-02-23T07:03:16.396Z] No OAuth tokens found
[debug] [2026-02-23T07:03:16.396Z] No OAuth tokens found
[debug] [2026-02-23T07:03:16.438Z] No OAuth tokens found
[debug] [2026-02-23T07:03:16.440Z] No OAuth tokens found
[debug] [2026-02-23T07:03:16.441Z] >>> [apiv2][query] GET https://serviceusage.googleapis.com/v1/projects/funchat123/services/storage.googleapis.com [none]
[debug] [2026-02-23T07:03:16.441Z] >>> [apiv2][(partial)header] GET https://serviceusage.googleapis.com/v1/projects/funchat123/services/storage.googleapis.com  x-goog-user-project=funchat123
[debug] [2026-02-23T07:03:16.449Z] >>> [apiv2][query] GET https://serviceusage.googleapis.com/v1/projects/funchat123/services/firebasedataconnect.googleapis.com [none]
[debug] [2026-02-23T07:03:16.450Z] >>> [apiv2][(partial)header] GET https://serviceusage.googleapis.com/v1/projects/funchat123/services/firebasedataconnect.googleapis.com  x-goog-user-project=funchat123
[debug] [2026-02-23T07:03:16.454Z] >>> [apiv2][query] GET https://serviceusage.googleapis.com/v1/projects/funchat123/services/identitytoolkit.googleapis.com [none]
[debug] [2026-02-23T07:03:16.454Z] >>> [apiv2][(partial)header] GET https://serviceusage.googleapis.com/v1/projects/funchat123/services/identitytoolkit.googleapis.com  x-goog-user-project=funchat123
[debug] [2026-02-23T07:03:16.457Z] >>> [apiv2][query] GET https://serviceusage.googleapis.com/v1/projects/funchat123/services/fcm.googleapis.com [none]
[debug] [2026-02-23T07:03:16.457Z] >>> [apiv2][(partial)header] GET https://serviceusage.googleapis.com/v1/projects/funchat123/services/fcm.googleapis.com  x-goog-user-project=funchat123
[debug] [2026-02-23T07:03:16.460Z] >>> [apiv2][query] GET https://serviceusage.googleapis.com/v1/projects/funchat123/services/cloudfunctions.googleapis.com [none]
[debug] [2026-02-23T07:03:16.461Z] >>> [apiv2][(partial)header] GET https://serviceusage.googleapis.com/v1/projects/funchat123/services/cloudfunctions.googleapis.com  x-goog-user-project=funchat123
[debug] [2026-02-23T07:03:16.463Z] >>> [apiv2][query] GET https://serviceusage.googleapis.com/v1/projects/funchat123/services/firebaseremoteconfig.googleapis.com [none]
[debug] [2026-02-23T07:03:16.464Z] >>> [apiv2][(partial)header] GET https://serviceusage.googleapis.com/v1/projects/funchat123/services/firebaseremoteconfig.googleapis.com  x-goog-user-project=funchat123
[debug] [2026-02-23T07:03:16.466Z] >>> [apiv2][query] GET https://serviceusage.googleapis.com/v1/projects/funchat123/services/firebaseapphosting.googleapis.com [none]
[debug] [2026-02-23T07:03:16.467Z] >>> [apiv2][(partial)header] GET https://serviceusage.googleapis.com/v1/projects/funchat123/services/firebaseapphosting.googleapis.com  x-goog-user-project=funchat123
[debug] [2026-02-23T07:03:16.470Z] >>> [apiv2][query] GET https://serviceusage.googleapis.com/v1/projects/funchat123/services/firebaseio.com [none]
[debug] [2026-02-23T07:03:16.470Z] >>> [apiv2][(partial)header] GET https://serviceusage.googleapis.com/v1/projects/funchat123/services/firebaseio.com  x-goog-user-project=funchat123
[debug] [2026-02-23T07:03:17.261Z] <<< [apiv2][status] GET https://serviceusage.googleapis.com/v1/projects/funchat123/services/firebaseio.com 403
[debug] [2026-02-23T07:03:17.261Z] <<< [apiv2][body] GET https://serviceusage.googleapis.com/v1/projects/funchat123/services/firebaseio.com [omitted]
[debug] [2026-02-23T07:03:17.299Z] <<< [apiv2][status] GET https://serviceusage.googleapis.com/v1/projects/funchat123/services/identitytoolkit.googleapis.com 200
[debug] [2026-02-23T07:03:17.299Z] <<< [apiv2][body] GET https://serviceusage.googleapis.com/v1/projects/funchat123/services/identitytoolkit.googleapis.com [omitted]
[debug] [2026-02-23T07:03:17.334Z] <<< [apiv2][status] GET https://serviceusage.googleapis.com/v1/projects/funchat123/services/fcm.googleapis.com 200
[debug] [2026-02-23T07:03:17.334Z] <<< [apiv2][body] GET https://serviceusage.googleapis.com/v1/projects/funchat123/services/fcm.googleapis.com [omitted]
[debug] [2026-02-23T07:03:17.347Z] <<< [apiv2][status] GET https://serviceusage.googleapis.com/v1/projects/funchat123/services/firebaseremoteconfig.googleapis.com 200
[debug] [2026-02-23T07:03:17.347Z] <<< [apiv2][body] GET https://serviceusage.googleapis.com/v1/projects/funchat123/services/firebaseremoteconfig.googleapis.com [omitted]
[debug] [2026-02-23T07:03:17.362Z] <<< [apiv2][status] GET https://serviceusage.googleapis.com/v1/projects/funchat123/services/storage.googleapis.com 200
[debug] [2026-02-23T07:03:17.363Z] <<< [apiv2][body] GET https://serviceusage.googleapis.com/v1/projects/funchat123/services/storage.googleapis.com [omitted]
[debug] [2026-02-23T07:03:17.386Z] <<< [apiv2][status] GET https://serviceusage.googleapis.com/v1/projects/funchat123/services/firebaseapphosting.googleapis.com 200
[debug] [2026-02-23T07:03:17.386Z] <<< [apiv2][body] GET https://serviceusage.googleapis.com/v1/projects/funchat123/services/firebaseapphosting.googleapis.com [omitted]
[debug] [2026-02-23T07:03:17.394Z] <<< [apiv2][status] GET https://serviceusage.googleapis.com/v1/projects/funchat123/services/cloudfunctions.googleapis.com 200
[debug] [2026-02-23T07:03:17.394Z] <<< [apiv2][body] GET https://serviceusage.googleapis.com/v1/projects/funchat123/services/cloudfunctions.googleapis.com [omitted]
[debug] [2026-02-23T07:03:17.402Z] <<< [apiv2][status] GET https://serviceusage.googleapis.com/v1/projects/funchat123/services/firebasedataconnect.googleapis.com 200
[debug] [2026-02-23T07:03:17.402Z] <<< [apiv2][body] GET https://serviceusage.googleapis.com/v1/projects/funchat123/services/firebasedataconnect.googleapis.com [omitted]
[error] Failed to fetch Firebase Project from Studio Workspace because WORKSPACE_SLUG environment variable is empty
[error] Failed to fetch Firebase Project from Studio Workspace because WORKSPACE_SLUG environment variable is empty
[error] Failed to fetch Firebase Project from Studio Workspace because WORKSPACE_SLUG environment variable is empty
[debug] [2026-02-23T07:03:17.415Z] > command requires scopes: ["email","openid","https://www.googleapis.com/auth/cloudplatformprojects.readonly","https://www.googleapis.com/auth/firebase","https://www.googleapis.com/auth/cloud-platform","https://www.googleapis.com/auth/userinfo.email"]
[debug] [2026-02-23T07:03:17.421Z] > authorizing via signed-in user (dclife16q@gmail.com)
[debug] [2026-02-23T07:03:17.421Z] No OAuth tokens found
[debug] [2026-02-23T07:03:17.422Z] >>> [apiv2][query] GET https://cloudbilling.googleapis.com/v1/projects/funchat123/billingInfo [none]
[debug] [2026-02-23T07:03:17.588Z] <<< [apiv2][status] GET https://cloudbilling.googleapis.com/v1/projects/funchat123/billingInfo 200
[debug] [2026-02-23T07:03:17.593Z] <<< [apiv2][body] GET https://cloudbilling.googleapis.com/v1/projects/funchat123/billingInfo {"name":"projects/funchat123/billingInfo","projectId":"funchat123","billingAccountName":"","billingEnabled":false}
[error] Failed to fetch Firebase Project from Studio Workspace because WORKSPACE_SLUG environment variable is empty
[debug] [2026-02-23T07:03:17.602Z] > command requires scopes: ["email","openid","https://www.googleapis.com/auth/cloudplatformprojects.readonly","https://www.googleapis.com/auth/firebase","https://www.googleapis.com/auth/cloud-platform","https://www.googleapis.com/auth/userinfo.email"]
[debug] [2026-02-23T07:03:17.603Z] > authorizing via signed-in user (dclife16q@gmail.com)
[error] Failed to fetch Firebase Project from Studio Workspace because WORKSPACE_SLUG environment variable is empty
[error] Failed to fetch Firebase Project from Studio Workspace because WORKSPACE_SLUG environment variable is empty
[error] Failed to fetch Firebase Project from Studio Workspace because WORKSPACE_SLUG environment variable is empty
[debug] [2026-02-23T07:03:17.667Z] > command requires scopes: ["email","openid","https://www.googleapis.com/auth/cloudplatformprojects.readonly","https://www.googleapis.com/auth/firebase","https://www.googleapis.com/auth/cloud-platform","https://www.googleapis.com/auth/userinfo.email"]
[debug] [2026-02-23T07:03:17.669Z] > authorizing via signed-in user (dclife16q@gmail.com)
[debug] [2026-02-23T07:03:17.669Z] No OAuth tokens found
[debug] [2026-02-23T07:03:17.670Z] >>> [apiv2][query] GET https://cloudbilling.googleapis.com/v1/projects/funchat123/billingInfo [none]
[error] Failed to fetch Firebase Project from Studio Workspace because WORKSPACE_SLUG environment variable is empty
[error] Failed to fetch Firebase Project from Studio Workspace because WORKSPACE_SLUG environment variable is empty
[error] Failed to fetch Firebase Project from Studio Workspace because WORKSPACE_SLUG environment variable is empty
[debug] [2026-02-23T07:03:17.682Z] > command requires scopes: ["email","openid","https://www.googleapis.com/auth/cloudplatformprojects.readonly","https://www.googleapis.com/auth/firebase","https://www.googleapis.com/auth/cloud-platform","https://www.googleapis.com/auth/userinfo.email"]
[debug] [2026-02-23T07:03:17.682Z] > authorizing via signed-in user (dclife16q@gmail.com)
[debug] [2026-02-23T07:03:17.682Z] No OAuth tokens found
[debug] [2026-02-23T07:03:17.683Z] >>> [apiv2][query] GET https://cloudbilling.googleapis.com/v1/projects/funchat123/billingInfo [none]
[debug] [2026-02-23T07:03:17.823Z] <<< [apiv2][status] GET https://cloudbilling.googleapis.com/v1/projects/funchat123/billingInfo 200
[debug] [2026-02-23T07:03:17.828Z] <<< [apiv2][body] GET https://cloudbilling.googleapis.com/v1/projects/funchat123/billingInfo {"name":"projects/funchat123/billingInfo","projectId":"funchat123","billingAccountName":"","billingEnabled":false}
[error] Failed to fetch Firebase Project from Studio Workspace because WORKSPACE_SLUG environment variable is empty
[debug] [2026-02-23T07:03:17.844Z] > command requires scopes: ["email","openid","https://www.googleapis.com/auth/cloudplatformprojects.readonly","https://www.googleapis.com/auth/firebase","https://www.googleapis.com/auth/cloud-platform","https://www.googleapis.com/auth/userinfo.email"]
[debug] [2026-02-23T07:03:17.846Z] > authorizing via signed-in user (dclife16q@gmail.com)
[debug] [2026-02-23T07:03:17.869Z] <<< [apiv2][status] GET https://cloudbilling.googleapis.com/v1/projects/funchat123/billingInfo 200
[debug] [2026-02-23T07:03:17.870Z] <<< [apiv2][body] GET https://cloudbilling.googleapis.com/v1/projects/funchat123/billingInfo {"name":"projects/funchat123/billingInfo","projectId":"funchat123","billingAccountName":"","billingEnabled":false}
[error] Failed to fetch Firebase Project from Studio Workspace because WORKSPACE_SLUG environment variable is empty
[debug] [2026-02-23T07:03:17.884Z] > command requires scopes: ["email","openid","https://www.googleapis.com/auth/cloudplatformprojects.readonly","https://www.googleapis.com/auth/firebase","https://www.googleapis.com/auth/cloud-platform","https://www.googleapis.com/auth/userinfo.email"]
[debug] [2026-02-23T07:03:17.885Z] > authorizing via signed-in user (dclife16q@gmail.com)
[error] Failed to fetch Firebase Project from Studio Workspace because WORKSPACE_SLUG environment variable is empty
[error] Failed to fetch Firebase Project from Studio Workspace because WORKSPACE_SLUG environment variable is empty
[debug] [2026-02-23T07:04:31.241Z] > command requires scopes: ["email","openid","https://www.googleapis.com/auth/cloudplatformprojects.readonly","https://www.googleapis.com/auth/firebase","https://www.googleapis.com/auth/cloud-platform","https://www.googleapis.com/auth/userinfo.email"]
[debug] [2026-02-23T07:04:31.242Z] > authorizing via signed-in user (dclife16q@gmail.com)
[debug] [2026-02-23T07:04:31.242Z] No OAuth tokens found
[debug] [2026-02-23T07:04:31.248Z] >>> [apiv2][query] GET https://cloudbilling.googleapis.com/v1/projects/funchat123/billingInfo [none]
[debug] [2026-02-23T07:04:31.431Z] <<< [apiv2][status] GET https://cloudbilling.googleapis.com/v1/projects/funchat123/billingInfo 200
[debug] [2026-02-23T07:04:31.432Z] <<< [apiv2][body] GET https://cloudbilling.googleapis.com/v1/projects/funchat123/billingInfo {"name":"projects/funchat123/billingInfo","projectId":"funchat123","billingAccountName":"","billingEnabled":false}
[error] Failed to fetch Firebase Project from Studio Workspace because WORKSPACE_SLUG environment variable is empty
[error] Failed to fetch Firebase Project from Studio Workspace because WORKSPACE_SLUG environment variable is empty
[debug] [2026-02-23T07:04:31.435Z] > command requires scopes: ["email","openid","https://www.googleapis.com/auth/cloudplatformprojects.readonly","https://www.googleapis.com/auth/firebase","https://www.googleapis.com/auth/cloud-platform","https://www.googleapis.com/auth/userinfo.email"]
[debug] [2026-02-23T07:04:31.435Z] > authorizing via signed-in user (dclife16q@gmail.com)
[debug] [2026-02-23T07:04:31.436Z] No OAuth tokens found
[debug] [2026-02-23T07:04:31.437Z] >>> [apiv2][query] GET https://cloudbilling.googleapis.com/v1/projects/funchat123/billingInfo [none]
[debug] [2026-02-23T07:04:31.582Z] <<< [apiv2][status] GET https://cloudbilling.googleapis.com/v1/projects/funchat123/billingInfo 200
[debug] [2026-02-23T07:04:31.582Z] <<< [apiv2][body] GET https://cloudbilling.googleapis.com/v1/projects/funchat123/billingInfo {"name":"projects/funchat123/billingInfo","projectId":"funchat123","billingAccountName":"","billingEnabled":false}
